// Bun Snapshot v1, https://bun.sh/docs/test/snapshots

exports[`query() should resolve primitives 1`] = `
{
  "b": true,
  "f": 1.1,
  "i": 1,
  "s": "s",
}
`;
