// Bun Snapshot v1, https://bun.sh/docs/test/snapshots

exports[`scalars scalars should work 1`] = `
[
  [
    "string",
    [
      [
        1n,
        false,
      ],
      [
        true,
        false,
      ],
      [
        1.1,
        false,
      ],
      [
        1,
        false,
      ],
      [
        "",
        true,
      ],
      [
        1970-01-01T00:00:00.000Z,
        false,
      ],
    ],
  ],
  [
    "bool",
    [
      [
        1n,
        false,
      ],
      [
        true,
        true,
      ],
      [
        1.1,
        false,
      ],
      [
        1,
        false,
      ],
      [
        "",
        false,
      ],
      [
        1970-01-01T00:00:00.000Z,
        false,
      ],
    ],
  ],
  [
    "float",
    [
      [
        1n,
        false,
      ],
      [
        true,
        false,
      ],
      [
        1.1,
        true,
      ],
      [
        1,
        true,
      ],
      [
        "",
        false,
      ],
      [
        1970-01-01T00:00:00.000Z,
        false,
      ],
    ],
  ],
  [
    "int",
    [
      [
        1n,
        false,
      ],
      [
        true,
        false,
      ],
      [
        1.1,
        false,
      ],
      [
        1,
        true,
      ],
      [
        "",
        false,
      ],
      [
        1970-01-01T00:00:00.000Z,
        false,
      ],
    ],
  ],
  [
    "bigint",
    [
      [
        1n,
        true,
      ],
      [
        true,
        false,
      ],
      [
        1.1,
        false,
      ],
      [
        1,
        false,
      ],
      [
        "",
        false,
      ],
      [
        1970-01-01T00:00:00.000Z,
        false,
      ],
    ],
  ],
  [
    "datetime",
    [
      [
        1n,
        false,
      ],
      [
        true,
        false,
      ],
      [
        1.1,
        false,
      ],
      [
        1,
        false,
      ],
      [
        "",
        false,
      ],
      [
        1970-01-01T00:00:00.000Z,
        true,
      ],
    ],
  ],
]
`;
